{
  "username": "user",
  "password": null,
  "firstName": "First",
  "lastName": "Last"
}